2026-07-27T16:16:12+09:00 [20260727-161612] [provision-dr] [INFO] EKS-B JIT 프로비저닝 시작
2026-07-27T16:16:12+09:00 [20260727-161612] [provision-dr] [INFO] Terraform state 파일은 삭제하거나 초기화하지 않음
2026-07-27T16:16:12+09:00 [20260727-161612] [provision-dr] [INFO] DR base directory=/home/user1/KT-Project03/jit-hub-infra-fork/terraform/aws/envs/dr-region-b
2026-07-27T16:16:12+09:00 [20260727-161612] [provision-dr] [INFO] STEP_START step=check_onprem_context target=kubernetes-admin@kubernetes
2026-07-27T16:16:13+09:00 [20260727-161612] [provision-dr] [INFO] STEP_SUCCESS step=check_onprem_context target=kubernetes-admin@kubernetes duration=1s
2026-07-27T16:16:13+09:00 [20260727-161612] [provision-dr] [INFO] STEP_START step=check_onprem_cluster target=kubernetes-admin@kubernetes
2026-07-27T16:16:13+09:00 [20260727-161612] [provision-dr] [INFO] Kubernetes API 확인 context=kubernetes-admin@kubernetes
2026-07-27T16:16:13+09:00 [20260727-161612] [provision-dr] [INFO] Kubernetes API 확인 context=kubernetes-admin@kubernetes
2026-07-27T16:16:13+09:00 [20260727-161612] [provision-dr] [INFO] STEP_SUCCESS step=check_onprem_cluster target=kubernetes-admin@kubernetes duration=0s
2026-07-27T16:16:13+09:00 [20260727-161612] [provision-dr] [INFO] STEP_START step=terraform_init_02-eks target=02-eks
[0m[1mInitializing the backend...[0m
[0m[1mInitializing modules...[0m
[0m[1mInitializing provider plugins...[0m
- terraform.io/builtin/terraform is built in to Terraform
- Reusing previous version of hashicorp/aws from the dependency lock file
- Reusing previous version of hashicorp/tls from the dependency lock file
- Reusing previous version of hashicorp/time from the dependency lock file
- Reusing previous version of hashicorp/null from the dependency lock file
- Reusing previous version of hashicorp/cloudinit from the dependency lock file
- Using previously-installed hashicorp/cloudinit v2.4.0
- Using previously-installed hashicorp/aws v5.100.0
- Using previously-installed hashicorp/tls v4.3.0
- Using previously-installed hashicorp/time v0.14.0
- Using previously-installed hashicorp/null v3.3.0

[0m[1m[32mTerraform has been successfully initialized![0m[32m[0m
[0m[32m
You may now begin working with Terraform. Try running "terraform plan" to see
any changes that are required for your infrastructure. All Terraform commands
should now work.

If you ever set or change modules or backend configuration for Terraform,
rerun this command to reinitialize your working directory. If you forget, other
commands will detect it and remind you to do so if necessary.[0m
2026-07-27T16:16:18+09:00 [20260727-161612] [provision-dr] [INFO] STEP_SUCCESS step=terraform_init_02-eks target=02-eks duration=5s
2026-07-27T16:16:18+09:00 [20260727-161612] [provision-dr] [INFO] STEP_START step=terraform_apply_02-eks target=02-eks
[0m[1mdata.terraform_remote_state.network: Reading...[0m[0m
[0m[1mdata.terraform_remote_state.network: Read complete after 0s[0m
[0m[1mmodule.eks.module.eks.module.kms.data.aws_caller_identity.current[0]: Reading...[0m[0m
[0m[1mmodule.eks.module.eks.module.eks_managed_node_group["samsi-dr-eks-worker"].data.aws_caller_identity.current: Reading...[0m[0m
[0m[1mmodule.eks.module.eks.data.aws_partition.current[0]: Reading...[0m[0m
[0m[1mmodule.eks.module.eks.module.eks_managed_node_group["samsi-dr-eks-worker"].data.aws_partition.current: Reading...[0m[0m
[0m[1mmodule.eks.module.eks.module.eks_managed_node_group["samsi-dr-eks-worker"].data.aws_iam_policy_document.assume_role_policy[0]: Reading...[0m[0m
[0m[1mmodule.eks.module.eks.data.aws_iam_policy_document.assume_role_policy[0]: Reading...[0m[0m
[0m[1mmodule.eks.module.eks.data.aws_caller_identity.current[0]: Reading...[0m[0m
[0m[1mmodule.eks.module.eks.module.eks_managed_node_group["samsi-dr-eks-worker"].data.aws_partition.current: Read complete after 1s [id=aws][0m
[0m[1mmodule.eks.module.eks.data.aws_partition.current[0]: Read complete after 1s [id=aws][0m
[0m[1mmodule.eks.module.eks.module.eks_managed_node_group["samsi-dr-eks-worker"].data.aws_iam_policy_document.assume_role_policy[0]: Read complete after 1s [id=2560088296][0m
[0m[1mmodule.eks.module.eks.data.aws_iam_policy_document.assume_role_policy[0]: Read complete after 1s [id=2830595799][0m
[0m[1mmodule.eks.module.eks.data.aws_iam_policy_document.custom[0]: Reading...[0m[0m
[0m[1mmodule.eks.module.eks.module.kms.data.aws_partition.current[0]: Reading...[0m[0m
[0m[1mmodule.eks.module.eks.data.aws_iam_policy_document.custom[0]: Read complete after 0s [id=513122117][0m
[0m[1mmodule.eks.module.eks.module.kms.data.aws_partition.current[0]: Read complete after 0s [id=aws][0m
[0m[1mmodule.eks.module.eks.module.kms.data.aws_caller_identity.current[0]: Read complete after 1s [id=899957568205][0m
[0m[1mmodule.eks.module.eks.data.aws_caller_identity.current[0]: Read complete after 0s [id=899957568205][0m
[0m[1mmodule.eks.module.eks.data.aws_iam_session_context.current[0]: Reading...[0m[0m
[0m[1mmodule.eks.module.eks.data.aws_iam_session_context.current[0]: Read complete after 0s [id=arn:aws:iam::899957568205:user/admin][0m
[0m[1mmodule.eks.module.eks.module.eks_managed_node_group["samsi-dr-eks-worker"].data.aws_caller_identity.current: Read complete after 1s [id=899957568205][0m

Terraform used the selected providers to generate the following execution
plan. Resource actions are indicated with the following symbols:
  [32m+[0m create[0m
 [36m<=[0m read (data resources)[0m

Terraform will perform the following actions:

[1m  # module.eks.module.eks.data.aws_eks_addon_version.this["coredns"][0m will be read during apply
  # (depends on a resource or a module with changes pending)
[0m [36m<=[0m[0m data "aws_eks_addon_version" "this" {
      [32m+[0m[0m addon_name         = "coredns"
      [32m+[0m[0m id                 = (known after apply)
      [32m+[0m[0m kubernetes_version = "1.31"
      [32m+[0m[0m version            = (known after apply)
    }

[1m  # module.eks.module.eks.data.aws_eks_addon_version.this["kube-proxy"][0m will be read during apply
  # (depends on a resource or a module with changes pending)
[0m [36m<=[0m[0m data "aws_eks_addon_version" "this" {
      [32m+[0m[0m addon_name         = "kube-proxy"
      [32m+[0m[0m id                 = (known after apply)
      [32m+[0m[0m kubernetes_version = "1.31"
      [32m+[0m[0m version            = (known after apply)
    }

[1m  # module.eks.module.eks.data.aws_eks_addon_version.this["vpc-cni"][0m will be read during apply
  # (depends on a resource or a module with changes pending)
[0m [36m<=[0m[0m data "aws_eks_addon_version" "this" {
      [32m+[0m[0m addon_name         = "vpc-cni"
      [32m+[0m[0m id                 = (known after apply)
      [32m+[0m[0m kubernetes_version = "1.31"
      [32m+[0m[0m version            = (known after apply)
    }

[1m  # module.eks.module.eks.data.tls_certificate.this[0][0m will be read during apply
  # (config refers to values not yet known)
[0m [36m<=[0m[0m data "tls_certificate" "this" {
      [32m+[0m[0m certificates = (known after apply)
      [32m+[0m[0m id           = (known after apply)
      [32m+[0m[0m url          = (known after apply)
    }

[1m  # module.eks.module.eks.aws_cloudwatch_log_group.this[0][0m will be created
[0m  [32m+[0m[0m resource "aws_cloudwatch_log_group" "this" {
      [32m+[0m[0m arn               = (known after apply)
      [32m+[0m[0m id                = (known after apply)
      [32m+[0m[0m log_group_class   = (known after apply)
      [32m+[0m[0m name              = "/aws/eks/hello-eks/cluster"
      [32m+[0m[0m name_prefix       = (known after apply)
      [32m+[0m[0m retention_in_days = 90
      [32m+[0m[0m skip_destroy      = false
      [32m+[0m[0m tags              = {
          [32m+[0m[0m "Name" = "/aws/eks/hello-eks/cluster"
        }
      [32m+[0m[0m tags_all          = {
          [32m+[0m[0m "Name" = "/aws/eks/hello-eks/cluster"
        }
    }

[1m  # module.eks.module.eks.aws_eks_access_entry.this["cluster_creator"][0m will be created
[0m  [32m+[0m[0m resource "aws_eks_access_entry" "this" {
      [32m+[0m[0m access_entry_arn  = (known after apply)
      [32m+[0m[0m cluster_name      = (known after apply)
      [32m+[0m[0m created_at        = (known after apply)
      [32m+[0m[0m id                = (known after apply)
      [32m+[0m[0m kubernetes_groups = (known after apply)
      [32m+[0m[0m modified_at       = (known after apply)
      [32m+[0m[0m principal_arn     = "arn:aws:iam::899957568205:user/admin"
      [32m+[0m[0m tags_all          = (known after apply)
      [32m+[0m[0m type              = "STANDARD"
      [32m+[0m[0m user_name         = (known after apply)
    }

[1m  # module.eks.module.eks.aws_eks_access_policy_association.this["cluster_creator_admin"][0m will be created
[0m  [32m+[0m[0m resource "aws_eks_access_policy_association" "this" {
      [32m+[0m[0m associated_at = (known after apply)
      [32m+[0m[0m cluster_name  = (known after apply)
      [32m+[0m[0m id            = (known after apply)
      [32m+[0m[0m modified_at   = (known after apply)
      [32m+[0m[0m policy_arn    = "arn:aws:eks::aws:cluster-access-policy/AmazonEKSClusterAdminPolicy"
      [32m+[0m[0m principal_arn = "arn:aws:iam::899957568205:user/admin"

      [32m+[0m[0m access_scope {
          [32m+[0m[0m type = "cluster"
        }
    }

[1m  # module.eks.module.eks.aws_eks_addon.this["coredns"][0m will be created
[0m  [32m+[0m[0m resource "aws_eks_addon" "this" {
      [32m+[0m[0m addon_name                  = "coredns"
      [32m+[0m[0m addon_version               = (known after apply)
      [32m+[0m[0m arn                         = (known after apply)
      [32m+[0m[0m cluster_name                = (known after apply)
      [32m+[0m[0m configuration_values        = (known after apply)
      [32m+[0m[0m created_at                  = (known after apply)
      [32m+[0m[0m id                          = (known after apply)
      [32m+[0m[0m modified_at                 = (known after apply)
      [32m+[0m[0m preserve                    = true
      [32m+[0m[0m resolve_conflicts_on_create = "OVERWRITE"
      [32m+[0m[0m resolve_conflicts_on_update = "OVERWRITE"
      [32m+[0m[0m tags_all                    = (known after apply)

      [32m+[0m[0m timeouts {}
    }

[1m  # module.eks.module.eks.aws_eks_addon.this["kube-proxy"][0m will be created
[0m  [32m+[0m[0m resource "aws_eks_addon" "this" {
      [32m+[0m[0m addon_name                  = "kube-proxy"
      [32m+[0m[0m addon_version               = (known after apply)
      [32m+[0m[0m arn                         = (known after apply)
      [32m+[0m[0m cluster_name                = (known after apply)
      [32m+[0m[0m configuration_values        = (known after apply)
      [32m+[0m[0m created_at                  = (known after apply)
      [32m+[0m[0m id                          = (known after apply)
      [32m+[0m[0m modified_at                 = (known after apply)
      [32m+[0m[0m preserve                    = true
      [32m+[0m[0m resolve_conflicts_on_create = "OVERWRITE"
      [32m+[0m[0m resolve_conflicts_on_update = "OVERWRITE"
      [32m+[0m[0m tags_all                    = (known after apply)

      [32m+[0m[0m timeouts {}
    }

[1m  # module.eks.module.eks.aws_eks_addon.this["vpc-cni"][0m will be created
[0m  [32m+[0m[0m resource "aws_eks_addon" "this" {
      [32m+[0m[0m addon_name                  = "vpc-cni"
      [32m+[0m[0m addon_version               = (known after apply)
      [32m+[0m[0m arn                         = (known after apply)
      [32m+[0m[0m cluster_name                = (known after apply)
      [32m+[0m[0m configuration_values        = jsonencode(
            {
              [32m+[0m[0m env = {
                  [32m+[0m[0m AWS_VPC_K8S_CNI_EXCLUDE_SNAT_CIDRS = "172.16.8.0/24,100.64.0.0/10"
                }
            }
        )
      [32m+[0m[0m created_at                  = (known after apply)
      [32m+[0m[0m id                          = (known after apply)
      [32m+[0m[0m modified_at                 = (known after apply)
      [32m+[0m[0m preserve                    = true
      [32m+[0m[0m resolve_conflicts_on_create = "OVERWRITE"
      [32m+[0m[0m resolve_conflicts_on_update = "OVERWRITE"
      [32m+[0m[0m tags_all                    = (known after apply)

      [32m+[0m[0m timeouts {}
    }

[1m  # module.eks.module.eks.aws_eks_cluster.this[0][0m will be created
[0m  [32m+[0m[0m resource "aws_eks_cluster" "this" {
      [32m+[0m[0m arn                           = (known after apply)
      [32m+[0m[0m bootstrap_self_managed_addons = true
      [32m+[0m[0m certificate_authority         = (known after apply)
      [32m+[0m[0m cluster_id                    = (known after apply)
      [32m+[0m[0m created_at                    = (known after apply)
      [32m+[0m[0m enabled_cluster_log_types     = [
          [32m+[0m[0m "api",
          [32m+[0m[0m "audit",
          [32m+[0m[0m "authenticator",
        ]
      [32m+[0m[0m endpoint                      = (known after apply)
      [32m+[0m[0m id                            = (known after apply)
      [32m+[0m[0m identity                      = (known after apply)
      [32m+[0m[0m name                          = "hello-eks"
      [32m+[0m[0m platform_version              = (known after apply)
      [32m+[0m[0m role_arn                      = (known after apply)
      [32m+[0m[0m status                        = (known after apply)
      [32m+[0m[0m tags                          = {
          [32m+[0m[0m "terraform-aws-modules" = "eks"
        }
      [32m+[0m[0m tags_all                      = {
          [32m+[0m[0m "terraform-aws-modules" = "eks"
        }
      [32m+[0m[0m version                       = "1.31"

      [32m+[0m[0m access_config {
          [32m+[0m[0m authentication_mode                         = "API_AND_CONFIG_MAP"
          [32m+[0m[0m bootstrap_cluster_creator_admin_permissions = false
        }

      [32m+[0m[0m encryption_config {
          [32m+[0m[0m resources = [
              [32m+[0m[0m "secrets",
            ]

          [32m+[0m[0m provider {
              [32m+[0m[0m key_arn = (known after apply)
            }
        }

      [32m+[0m[0m kubernetes_network_config {
          [32m+[0m[0m ip_family         = "ipv4"
          [32m+[0m[0m service_ipv4_cidr = (known after apply)
          [32m+[0m[0m service_ipv6_cidr = (known after apply)

          [32m+[0m[0m elastic_load_balancing (known after apply)
        }

      [32m+[0m[0m timeouts {}

      [32m+[0m[0m upgrade_policy (known after apply)

      [32m+[0m[0m vpc_config {
          [32m+[0m[0m cluster_security_group_id = (known after apply)
          [32m+[0m[0m endpoint_private_access   = true
          [32m+[0m[0m endpoint_public_access    = true
          [32m+[0m[0m public_access_cidrs       = [
              [32m+[0m[0m "0.0.0.0/0",
            ]
          [32m+[0m[0m security_group_ids        = (known after apply)
          [32m+[0m[0m subnet_ids                = [
              [32m+[0m[0m "subnet-03f5b61609b1884a9",
              [32m+[0m[0m "subnet-048e896e9c62eb53d",
            ]
          [32m+[0m[0m vpc_id                    = (known after apply)
        }
    }

[1m  # module.eks.module.eks.aws_iam_openid_connect_provider.oidc_provider[0][0m will be created
[0m  [32m+[0m[0m resource "aws_iam_openid_connect_provider" "oidc_provider" {
      [32m+[0m[0m arn             = (known after apply)
      [32m+[0m[0m client_id_list  = [
          [32m+[0m[0m "sts.amazonaws.com",
        ]
      [32m+[0m[0m id              = (known after apply)
      [32m+[0m[0m tags            = {
          [32m+[0m[0m "Name" = "hello-eks-eks-irsa"
        }
      [32m+[0m[0m tags_all        = {
          [32m+[0m[0m "Name" = "hello-eks-eks-irsa"
        }
      [32m+[0m[0m thumbprint_list = (known after apply)
      [32m+[0m[0m url             = (known after apply)
    }

[1m  # module.eks.module.eks.aws_iam_policy.cluster_encryption[0][0m will be created
[0m  [32m+[0m[0m resource "aws_iam_policy" "cluster_encryption" {
      [32m+[0m[0m arn              = (known after apply)
      [32m+[0m[0m attachment_count = (known after apply)
      [32m+[0m[0m description      = "Cluster encryption policy to allow cluster role to utilize CMK provided"
      [32m+[0m[0m id               = (known after apply)
      [32m+[0m[0m name             = (known after apply)
      [32m+[0m[0m name_prefix      = "hello-eks-cluster-ClusterEncryption"
      [32m+[0m[0m path             = "/"
      [32m+[0m[0m policy           = (known after apply)
      [32m+[0m[0m policy_id        = (known after apply)
      [32m+[0m[0m tags_all         = (known after apply)
    }

[1m  # module.eks.module.eks.aws_iam_policy.custom[0][0m will be created
[0m  [32m+[0m[0m resource "aws_iam_policy" "custom" {
      [32m+[0m[0m arn              = (known after apply)
      [32m+[0m[0m attachment_count = (known after apply)
      [32m+[0m[0m id               = (known after apply)
      [32m+[0m[0m name             = (known after apply)
      [32m+[0m[0m name_prefix      = "hello-eks-cluster-"
      [32m+[0m[0m path             = "/"
      [32m+[0m[0m policy           = jsonencode(
            {
              [32m+[0m[0m Statement = [
                  [32m+[0m[0m {
                      [32m+[0m[0m Action    = [
                          [32m+[0m[0m "ec2:RunInstances",
                          [32m+[0m[0m "ec2:CreateLaunchTemplate",
                          [32m+[0m[0m "ec2:CreateFleet",
                        ]
                      [32m+[0m[0m Condition = {
                          [32m+[0m[0m StringEquals = {
                              [32m+[0m[0m "aws:RequestTag/eks:eks-cluster-name" = "${aws:PrincipalTag/eks:eks-cluster-name}"
                            }
                          [32m+[0m[0m StringLike   = {
                              [32m+[0m[0m "aws:RequestTag/eks:kubernetes-node-class-name" = "*"
                              [32m+[0m[0m "aws:RequestTag/eks:kubernetes-node-pool-name"  = "*"
                            }
                        }
                      [32m+[0m[0m Effect    = "Allow"
                      [32m+[0m[0m Resource  = "*"
                      [32m+[0m[0m Sid       = "Compute"
                    },
                  [32m+[0m[0m {
                      [32m+[0m[0m Action    = [
                          [32m+[0m[0m "ec2:CreateVolume",
                          [32m+[0m[0m "ec2:CreateSnapshot",
                        ]
                      [32m+[0m[0m Condition = {
                          [32m+[0m[0m StringEquals = {
                              [32m+[0m[0m "aws:RequestTag/eks:eks-cluster-name" = "${aws:PrincipalTag/eks:eks-cluster-name}"
                            }
                        }
                      [32m+[0m[0m Effect    = "Allow"
                      [32m+[0m[0m Resource  = [
                          [32m+[0m[0m "arn:aws:ec2:*:*:volume/*",
                          [32m+[0m[0m "arn:aws:ec2:*:*:snapshot/*",
                        ]
                      [32m+[0m[0m Sid       = "Storage"
                    },
                  [32m+[0m[0m {
                      [32m+[0m[0m Action    = "ec2:CreateNetworkInterface"
                      [32m+[0m[0m Condition = {
                          [32m+[0m[0m StringEquals = {
                              [32m+[0m[0m "aws:RequestTag/eks:eks-cluster-name"         = "${aws:PrincipalTag/eks:eks-cluster-name}"
                              [32m+[0m[0m "aws:RequestTag/eks:kubernetes-cni-node-name" = "*"
                            }
                        }
                      [32m+[0m[0m Effect    = "Allow"
                      [32m+[0m[0m Resource  = "*"
                      [32m+[0m[0m Sid       = "Networking"
                    },
                  [32m+[0m[0m {
                      [32m+[0m[0m Action    = [
                          [32m+[0m[0m "elasticloadbalancing:CreateTargetGroup",
                          [32m+[0m[0m "elasticloadbalancing:CreateRule",
                          [32m+[0m[0m "elasticloadbalancing:CreateLoadBalancer",
                          [32m+[0m[0m "elasticloadbalancing:CreateListener",
                          [32m+[0m[0m "ec2:CreateSecurityGroup",
                        ]
                      [32m+[0m[0m Condition = {
                          [32m+[0m[0m StringEquals = {
                              [32m+[0m[0m "aws:RequestTag/eks:eks-cluster-name" = "${aws:PrincipalTag/eks:eks-cluster-name}"
                            }
                        }
                      [32m+[0m[0m Effect    = "Allow"
                      [32m+[0m[0m Resource  = "*"
                      [32m+[0m[0m Sid       = "LoadBalancer"
                    },
                  [32m+[0m[0m {
                      [32m+[0m[0m Action    = "shield:CreateProtection"
                      [32m+[0m[0m Condition = {
                          [32m+[0m[0m StringEquals = {
                              [32m+[0m[0m "aws:RequestTag/eks:eks-cluster-name" = "${aws:PrincipalTag/eks:eks-cluster-name}"
                            }
                        }
                      [32m+[0m[0m Effect    = "Allow"
                      [32m+[0m[0m Resource  = "*"
                      [32m+[0m[0m Sid       = "ShieldProtection"
                    },
                  [32m+[0m[0m {
                      [32m+[0m[0m Action    = "shield:TagResource"
                      [32m+[0m[0m Condition = {
                          [32m+[0m[0m StringEquals = {
                              [32m+[0m[0m "aws:RequestTag/eks:eks-cluster-name" = "${aws:PrincipalTag/eks:eks-cluster-name}"
                            }
                        }
                      [32m+[0m[0m Effect    = "Allow"
                      [32m+[0m[0m Resource  = "arn:aws:shield::*:protection/*"
                      [32m+[0m[0m Sid       = "ShieldTagResource"
                    },
                ]
              [32m+[0m[0m Version   = "2012-10-17"
            }
        )
      [32m+[0m[0m policy_id        = (known after apply)
      [32m+[0m[0m tags_all         = (known after apply)
    }

[1m  # module.eks.module.eks.aws_iam_role.this[0][0m will be created
[0m  [32m+[0m[0m resource "aws_iam_role" "this" {
      [32m+[0m[0m arn                   = (known after apply)
      [32m+[0m[0m assume_role_policy    = jsonencode(
            {
              [32m+[0m[0m Statement = [
                  [32m+[0m[0m {
                      [32m+[0m[0m Action    = [
                          [32m+[0m[0m "sts:TagSession",
                          [32m+[0m[0m "sts:AssumeRole",
                        ]
                      [32m+[0m[0m Effect    = "Allow"
                      [32m+[0m[0m Principal = {
                          [32m+[0m[0m Service = "eks.amazonaws.com"
                        }
                      [32m+[0m[0m Sid       = "EKSClusterAssumeRole"
                    },
                ]
              [32m+[0m[0m Version   = "2012-10-17"
            }
        )
      [32m+[0m[0m create_date           = (known after apply)
      [32m+[0m[0m force_detach_policies = true
      [32m+[0m[0m id                    = (known after apply)
      [32m+[0m[0m managed_policy_arns   = (known after apply)
      [32m+[0m[0m max_session_duration  = 3600
      [32m+[0m[0m name                  = (known after apply)
      [32m+[0m[0m name_prefix           = "hello-eks-cluster-"
      [32m+[0m[0m path                  = "/"
      [32m+[0m[0m tags_all              = (known after apply)
      [32m+[0m[0m unique_id             = (known after apply)

      [32m+[0m[0m inline_policy (known after apply)
    }

[1m  # module.eks.module.eks.aws_iam_role_policy_attachment.cluster_encryption[0][0m will be created
[0m  [32m+[0m[0m resource "aws_iam_role_policy_attachment" "cluster_encryption" {
      [32m+[0m[0m id         = (known after apply)
      [32m+[0m[0m policy_arn = (known after apply)
      [32m+[0m[0m role       = (known after apply)
    }

[1m  # module.eks.module.eks.aws_iam_role_policy_attachment.custom[0][0m will be created
[0m  [32m+[0m[0m resource "aws_iam_role_policy_attachment" "custom" {
      [32m+[0m[0m id         = (known after apply)
      [32m+[0m[0m policy_arn = (known after apply)
      [32m+[0m[0m role       = (known after apply)
    }

[1m  # module.eks.module.eks.aws_iam_role_policy_attachment.this["AmazonEKSClusterPolicy"][0m will be created
[0m  [32m+[0m[0m resource "aws_iam_role_policy_attachment" "this" {
      [32m+[0m[0m id         = (known after apply)
      [32m+[0m[0m policy_arn = "arn:aws:iam::aws:policy/AmazonEKSClusterPolicy"
      [32m+[0m[0m role       = (known after apply)
    }

[1m  # module.eks.module.eks.aws_iam_role_policy_attachment.this["AmazonEKSVPCResourceController"][0m will be created
[0m  [32m+[0m[0m resource "aws_iam_role_policy_attachment" "this" {
      [32m+[0m[0m id         = (known after apply)
      [32m+[0m[0m policy_arn = "arn:aws:iam::aws:policy/AmazonEKSVPCResourceController"
      [32m+[0m[0m role       = (known after apply)
    }

[1m  # module.eks.module.eks.aws_security_group.cluster[0][0m will be created
[0m  [32m+[0m[0m resource "aws_security_group" "cluster" {
      [32m+[0m[0m arn                    = (known after apply)
      [32m+[0m[0m description            = "EKS cluster security group"
      [32m+[0m[0m egress                 = (known after apply)
      [32m+[0m[0m id                     = (known after apply)
      [32m+[0m[0m ingress                = (known after apply)
      [32m+[0m[0m name                   = (known after apply)
      [32m+[0m[0m name_prefix            = "hello-eks-cluster-"
      [32m+[0m[0m owner_id               = (known after apply)
      [32m+[0m[0m revoke_rules_on_delete = false
      [32m+[0m[0m tags                   = {
          [32m+[0m[0m "Name" = "hello-eks-cluster"
        }
      [32m+[0m[0m tags_all               = {
          [32m+[0m[0m "Name" = "hello-eks-cluster"
        }
      [32m+[0m[0m vpc_id                 = "vpc-02a9f35b8a290d1ab"
    }

[1m  # module.eks.module.eks.aws_security_group.node[0][0m will be created
[0m  [32m+[0m[0m resource "aws_security_group" "node" {
      [32m+[0m[0m arn                    = (known after apply)
      [32m+[0m[0m description            = "EKS node shared security group"
      [32m+[0m[0m egress                 = (known after apply)
      [32m+[0m[0m id                     = (known after apply)
      [32m+[0m[0m ingress                = (known after apply)
      [32m+[0m[0m name                   = (known after apply)
      [32m+[0m[0m name_prefix            = "hello-eks-node-"
      [32m+[0m[0m owner_id               = (known after apply)
      [32m+[0m[0m revoke_rules_on_delete = false
      [32m+[0m[0m tags                   = {
          [32m+[0m[0m "Name"                            = "hello-eks-node"
          [32m+[0m[0m "karpenter.sh/discovery"          = "enabled"
          [32m+[0m[0m "kubernetes.io/cluster/hello-eks" = "owned"
        }
      [32m+[0m[0m tags_all               = {
          [32m+[0m[0m "Name"                            = "hello-eks-node"
          [32m+[0m[0m "karpenter.sh/discovery"          = "enabled"
          [32m+[0m[0m "kubernetes.io/cluster/hello-eks" = "owned"
        }
      [32m+[0m[0m vpc_id                 = "vpc-02a9f35b8a290d1ab"
    }

[1m  # module.eks.module.eks.aws_security_group_rule.cluster["ingress_nodes_443"][0m will be created
[0m  [32m+[0m[0m resource "aws_security_group_rule" "cluster" {
      [32m+[0m[0m description              = "Node groups to cluster API"
      [32m+[0m[0m from_port                = 443
      [32m+[0m[0m id                       = (known after apply)
      [32m+[0m[0m protocol                 = "tcp"
      [32m+[0m[0m security_group_id        = (known after apply)
      [32m+[0m[0m security_group_rule_id   = (known after apply)
      [32m+[0m[0m self                     = false
      [32m+[0m[0m source_security_group_id = (known after apply)
      [32m+[0m[0m to_port                  = 443
      [32m+[0m[0m type                     = "ingress"
    }

[1m  # module.eks.module.eks.aws_security_group_rule.node["egress_all"][0m will be created
[0m  [32m+[0m[0m resource "aws_security_group_rule" "node" {
      [32m+[0m[0m cidr_blocks              = [
          [32m+[0m[0m "0.0.0.0/0",
        ]
      [32m+[0m[0m description              = "Allow all egress"
      [32m+[0m[0m from_port                = 0
      [32m+[0m[0m id                       = (known after apply)
      [32m+[0m[0m prefix_list_ids          = []
      [32m+[0m[0m protocol                 = "-1"
      [32m+[0m[0m security_group_id        = (known after apply)
      [32m+[0m[0m security_group_rule_id   = (known after apply)
      [32m+[0m[0m self                     = false
      [32m+[0m[0m source_security_group_id = (known after apply)
      [32m+[0m[0m to_port                  = 0
      [32m+[0m[0m type                     = "egress"
    }

[1m  # module.eks.module.eks.aws_security_group_rule.node["ingress_cluster_443"][0m will be created
[0m  [32m+[0m[0m resource "aws_security_group_rule" "node" {
      [32m+[0m[0m description              = "Cluster API to node groups"
      [32m+[0m[0m from_port                = 443
      [32m+[0m[0m id                       = (known after apply)
      [32m+[0m[0m prefix_list_ids          = []
      [32m+[0m[0m protocol                 = "tcp"
      [32m+[0m[0m security_group_id        = (known after apply)
      [32m+[0m[0m security_group_rule_id   = (known after apply)
      [32m+[0m[0m self                     = false
      [32m+[0m[0m source_security_group_id = (known after apply)
      [32m+[0m[0m to_port                  = 443
      [32m+[0m[0m type                     = "ingress"
    }

[1m  # module.eks.module.eks.aws_security_group_rule.node["ingress_cluster_4443_webhook"][0m will be created
[0m  [32m+[0m[0m resource "aws_security_group_rule" "node" {
      [32m+[0m[0m description              = "Cluster API to node 4443/tcp webhook"
      [32m+[0m[0m from_port                = 4443
      [32m+[0m[0m id                       = (known after apply)
      [32m+[0m[0m prefix_list_ids          = []
      [32m+[0m[0m protocol                 = "tcp"
      [32m+[0m[0m security_group_id        = (known after apply)
      [32m+[0m[0m security_group_rule_id   = (known after apply)
      [32m+[0m[0m self                     = false
      [32m+[0m[0m source_security_group_id = (known after apply)
      [32m+[0m[0m to_port                  = 4443
      [32m+[0m[0m type                     = "ingress"
    }

[1m  # module.eks.module.eks.aws_security_group_rule.node["ingress_cluster_6443_webhook"][0m will be created
[0m  [32m+[0m[0m resource "aws_security_group_rule" "node" {
      [32m+[0m[0m description              = "Cluster API to node 6443/tcp webhook"
      [32m+[0m[0m from_port                = 6443
      [32m+[0m[0m id                       = (known after apply)
      [32m+[0m[0m prefix_list_ids          = []
      [32m+[0m[0m protocol                 = "tcp"
      [32m+[0m[0m security_group_id        = (known after apply)
      [32m+[0m[0m security_group_rule_id   = (known after apply)
      [32m+[0m[0m self                     = false
      [32m+[0m[0m source_security_group_id = (known after apply)
      [32m+[0m[0m to_port                  = 6443
      [32m+[0m[0m type                     = "ingress"
    }

[1m  # module.eks.module.eks.aws_security_group_rule.node["ingress_cluster_8443_webhook"][0m will be created
[0m  [32m+[0m[0m resource "aws_security_group_rule" "node" {
      [32m+[0m[0m description              = "Cluster API to node 8443/tcp webhook"
      [32m+[0m[0m from_port                = 8443
      [32m+[0m[0m id                       = (known after apply)
      [32m+[0m[0m prefix_list_ids          = []
      [32m+[0m[0m protocol                 = "tcp"
      [32m+[0m[0m security_group_id        = (known after apply)
      [32m+[0m[0m security_group_rule_id   = (known after apply)
      [32m+[0m[0m self                     = false
      [32m+[0m[0m source_security_group_id = (known after apply)
      [32m+[0m[0m to_port                  = 8443
      [32m+[0m[0m type                     = "ingress"
    }

[1m  # module.eks.module.eks.aws_security_group_rule.node["ingress_cluster_9443_webhook"][0m will be created
[0m  [32m+[0m[0m resource "aws_security_group_rule" "node" {
      [32m+[0m[0m description              = "Cluster API to node 9443/tcp webhook"
      [32m+[0m[0m from_port                = 9443
      [32m+[0m[0m id                       = (known after apply)
      [32m+[0m[0m prefix_list_ids          = []
      [32m+[0m[0m protocol                 = "tcp"
      [32m+[0m[0m security_group_id        = (known after apply)
      [32m+[0m[0m security_group_rule_id   = (known after apply)
      [32m+[0m[0m self                     = false
      [32m+[0m[0m source_security_group_id = (known after apply)
      [32m+[0m[0m to_port                  = 9443
      [32m+[0m[0m type                     = "ingress"
    }

[1m  # module.eks.module.eks.aws_security_group_rule.node["ingress_cluster_kubelet"][0m will be created
[0m  [32m+[0m[0m resource "aws_security_group_rule" "node" {
      [32m+[0m[0m description              = "Cluster API to node kubelets"
      [32m+[0m[0m from_port                = 10250
      [32m+[0m[0m id                       = (known after apply)
      [32m+[0m[0m prefix_list_ids          = []
      [32m+[0m[0m protocol                 = "tcp"
      [32m+[0m[0m security_group_id        = (known after apply)
      [32m+[0m[0m security_group_rule_id   = (known after apply)
      [32m+[0m[0m self                     = false
      [32m+[0m[0m source_security_group_id = (known after apply)
      [32m+[0m[0m to_port                  = 10250
      [32m+[0m[0m type                     = "ingress"
    }

[1m  # module.eks.module.eks.aws_security_group_rule.node["ingress_node_exporter"][0m will be created
[0m  [32m+[0m[0m resource "aws_security_group_rule" "node" {
      [32m+[0m[0m cidr_blocks              = [
          [32m+[0m[0m "0.0.0.0/0",
        ]
      [32m+[0m[0m description              = "Prometheus Node Exporter"
      [32m+[0m[0m from_port                = 9100
      [32m+[0m[0m id                       = (known after apply)
      [32m+[0m[0m prefix_list_ids          = []
      [32m+[0m[0m protocol                 = "tcp"
      [32m+[0m[0m security_group_id        = (known after apply)
      [32m+[0m[0m security_group_rule_id   = (known after apply)
      [32m+[0m[0m self                     = false
      [32m+[0m[0m source_security_group_id = (known after apply)
      [32m+[0m[0m to_port                  = 9100
      [32m+[0m[0m type                     = "ingress"
    }

[1m  # module.eks.module.eks.aws_security_group_rule.node["ingress_nodes_ephemeral"][0m will be created
[0m  [32m+[0m[0m resource "aws_security_group_rule" "node" {
      [32m+[0m[0m description              = "Node to node ingress on ephemeral ports"
      [32m+[0m[0m from_port                = 1025
      [32m+[0m[0m id                       = (known after apply)
      [32m+[0m[0m prefix_list_ids          = []
      [32m+[0m[0m protocol                 = "tcp"
      [32m+[0m[0m security_group_id        = (known after apply)
      [32m+[0m[0m security_group_rule_id   = (known after apply)
      [32m+[0m[0m self                     = true
      [32m+[0m[0m source_security_group_id = (known after apply)
      [32m+[0m[0m to_port                  = 65535
      [32m+[0m[0m type                     = "ingress"
    }

[1m  # module.eks.module.eks.aws_security_group_rule.node["ingress_self_coredns_tcp"][0m will be created
[0m  [32m+[0m[0m resource "aws_security_group_rule" "node" {
      [32m+[0m[0m description              = "Node to node CoreDNS"
      [32m+[0m[0m from_port                = 53
      [32m+[0m[0m id                       = (known after apply)
      [32m+[0m[0m prefix_list_ids          = []
      [32m+[0m[0m protocol                 = "tcp"
      [32m+[0m[0m security_group_id        = (known after apply)
      [32m+[0m[0m security_group_rule_id   = (known after apply)
      [32m+[0m[0m self                     = true
      [32m+[0m[0m source_security_group_id = (known after apply)
      [32m+[0m[0m to_port                  = 53
      [32m+[0m[0m type                     = "ingress"
    }

[1m  # module.eks.module.eks.aws_security_group_rule.node["ingress_self_coredns_udp"][0m will be created
[0m  [32m+[0m[0m resource "aws_security_group_rule" "node" {
      [32m+[0m[0m description              = "Node to node CoreDNS UDP"
      [32m+[0m[0m from_port                = 53
      [32m+[0m[0m id                       = (known after apply)
      [32m+[0m[0m prefix_list_ids          = []
      [32m+[0m[0m protocol                 = "udp"
      [32m+[0m[0m security_group_id        = (known after apply)
      [32m+[0m[0m security_group_rule_id   = (known after apply)
      [32m+[0m[0m self                     = true
      [32m+[0m[0m source_security_group_id = (known after apply)
      [32m+[0m[0m to_port                  = 53
      [32m+[0m[0m type                     = "ingress"
    }

[1m  # module.eks.module.eks.aws_security_group_rule.node["ingress_vpc"][0m will be created
[0m  [32m+[0m[0m resource "aws_security_group_rule" "node" {
      [32m+[0m[0m cidr_blocks              = [
          [32m+[0m[0m "10.10.0.0/16",
        ]
      [32m+[0m[0m description              = "VPC traffic"
      [32m+[0m[0m from_port                = 0
      [32m+[0m[0m id                       = (known after apply)
      [32m+[0m[0m prefix_list_ids          = []
      [32m+[0m[0m protocol                 = "-1"
      [32m+[0m[0m security_group_id        = (known after apply)
      [32m+[0m[0m security_group_rule_id   = (known after apply)
      [32m+[0m[0m self                     = false
      [32m+[0m[0m source_security_group_id = (known after apply)
      [32m+[0m[0m to_port                  = 0
      [32m+[0m[0m type                     = "ingress"
    }

[1m  # module.eks.module.eks.time_sleep.this[0][0m will be created
[0m  [32m+[0m[0m resource "time_sleep" "this" {
      [32m+[0m[0m create_duration = "30s"
      [32m+[0m[0m id              = (known after apply)
      [32m+[0m[0m triggers        = {
          [32m+[0m[0m "cluster_certificate_authority_data" = (known after apply)
          [32m+[0m[0m "cluster_endpoint"                   = (known after apply)
          [32m+[0m[0m "cluster_name"                       = (known after apply)
          [32m+[0m[0m "cluster_service_cidr"               = (known after apply)
          [32m+[0m[0m "cluster_version"                    = "1.31"
        }
    }

[1m  # module.eks.module.eks.module.eks_managed_node_group["samsi-dr-eks-worker"].aws_eks_node_group.this[0][0m will be created
[0m  [32m+[0m[0m resource "aws_eks_node_group" "this" {
      [32m+[0m[0m ami_type               = "AL2_x86_64"
      [32m+[0m[0m arn                    = (known after apply)
      [32m+[0m[0m capacity_type          = (known after apply)
      [32m+[0m[0m cluster_name           = (known after apply)
      [32m+[0m[0m disk_size              = (known after apply)
      [32m+[0m[0m id                     = (known after apply)
      [32m+[0m[0m instance_types         = [
          [32m+[0m[0m "t3.small",
        ]
      [32m+[0m[0m node_group_name        = (known after apply)
      [32m+[0m[0m node_group_name_prefix = "samsi-dr-eks-worker-"
      [32m+[0m[0m node_role_arn          = (known after apply)
      [32m+[0m[0m release_version        = (known after apply)
      [32m+[0m[0m resources              = (known after apply)
      [32m+[0m[0m status                 = (known after apply)
      [32m+[0m[0m subnet_ids             = [
          [32m+[0m[0m "subnet-03f5b61609b1884a9",
          [32m+[0m[0m "subnet-048e896e9c62eb53d",
        ]
      [32m+[0m[0m tags                   = {
          [32m+[0m[0m "Env"          = "dr"
          [32m+[0m[0m "Monitoring"   = "true"
          [32m+[0m[0m "Name"         = "samsi-dr-eks-worker"
          [32m+[0m[0m "NodeExporter" = "true"
          [32m+[0m[0m "Role"         = "worker-node"
        }
      [32m+[0m[0m tags_all               = {
          [32m+[0m[0m "Env"          = "dr"
          [32m+[0m[0m "Monitoring"   = "true"
          [32m+[0m[0m "Name"         = "samsi-dr-eks-worker"
          [32m+[0m[0m "NodeExporter" = "true"
          [32m+[0m[0m "Role"         = "worker-node"
        }
      [32m+[0m[0m version                = "1.31"

      [32m+[0m[0m launch_template {
          [32m+[0m[0m id      = (known after apply)
          [32m+[0m[0m name    = (known after apply)
          [32m+[0m[0m version = (known after apply)
        }

      [32m+[0m[0m node_repair_config (known after apply)

      [32m+[0m[0m scaling_config {
          [32m+[0m[0m desired_size = 5
          [32m+[0m[0m max_size     = 6
          [32m+[0m[0m min_size     = 4
        }

      [32m+[0m[0m timeouts {}

      [32m+[0m[0m update_config {
          [32m+[0m[0m max_unavailable_percentage = 33
        }
    }

[1m  # module.eks.module.eks.module.eks_managed_node_group["samsi-dr-eks-worker"].aws_iam_role.this[0][0m will be created
[0m  [32m+[0m[0m resource "aws_iam_role" "this" {
      [32m+[0m[0m arn                   = (known after apply)
      [32m+[0m[0m assume_role_policy    = jsonencode(
            {
              [32m+[0m[0m Statement = [
                  [32m+[0m[0m {
                      [32m+[0m[0m Action    = "sts:AssumeRole"
                      [32m+[0m[0m Effect    = "Allow"
                      [32m+[0m[0m Principal = {
                          [32m+[0m[0m Service = "ec2.amazonaws.com"
                        }
                      [32m+[0m[0m Sid       = "EKSNodeAssumeRole"
                    },
                ]
              [32m+[0m[0m Version   = "2012-10-17"
            }
        )
      [32m+[0m[0m create_date           = (known after apply)
      [32m+[0m[0m description           = "EKS managed node group IAM role"
      [32m+[0m[0m force_detach_policies = true
      [32m+[0m[0m id                    = (known after apply)
      [32m+[0m[0m managed_policy_arns   = (known after apply)
      [32m+[0m[0m max_session_duration  = 3600
      [32m+[0m[0m name                  = (known after apply)
      [32m+[0m[0m name_prefix           = "samsi-dr-eks-worker-eks-node-group-"
      [32m+[0m[0m path                  = "/"
      [32m+[0m[0m tags                  = {
          [32m+[0m[0m "Env"          = "dr"
          [32m+[0m[0m "Monitoring"   = "true"
          [32m+[0m[0m "NodeExporter" = "true"
          [32m+[0m[0m "Role"         = "worker-node"
        }
      [32m+[0m[0m tags_all              = {
          [32m+[0m[0m "Env"          = "dr"
          [32m+[0m[0m "Monitoring"   = "true"
          [32m+[0m[0m "NodeExporter" = "true"
          [32m+[0m[0m "Role"         = "worker-node"
        }
      [32m+[0m[0m unique_id             = (known after apply)

      [32m+[0m[0m inline_policy (known after apply)
    }

[1m  # module.eks.module.eks.module.eks_managed_node_group["samsi-dr-eks-worker"].aws_iam_role_policy_attachment.this["AmazonEC2ContainerRegistryReadOnly"][0m will be created
[0m  [32m+[0m[0m resource "aws_iam_role_policy_attachment" "this" {
      [32m+[0m[0m id         = (known after apply)
      [32m+[0m[0m policy_arn = "arn:aws:iam::aws:policy/AmazonEC2ContainerRegistryReadOnly"
      [32m+[0m[0m role       = (known after apply)
    }

[1m  # module.eks.module.eks.module.eks_managed_node_group["samsi-dr-eks-worker"].aws_iam_role_policy_attachment.this["AmazonEKSWorkerNodePolicy"][0m will be created
[0m  [32m+[0m[0m resource "aws_iam_role_policy_attachment" "this" {
      [32m+[0m[0m id         = (known after apply)
      [32m+[0m[0m policy_arn = "arn:aws:iam::aws:policy/AmazonEKSWorkerNodePolicy"
      [32m+[0m[0m role       = (known after apply)
    }

[1m  # module.eks.module.eks.module.eks_managed_node_group["samsi-dr-eks-worker"].aws_iam_role_policy_attachment.this["AmazonEKS_CNI_Policy"][0m will be created
[0m  [32m+[0m[0m resource "aws_iam_role_policy_attachment" "this" {
      [32m+[0m[0m id         = (known after apply)
      [32m+[0m[0m policy_arn = "arn:aws:iam::aws:policy/AmazonEKS_CNI_Policy"
      [32m+[0m[0m role       = (known after apply)
    }

[1m  # module.eks.module.eks.module.eks_managed_node_group["samsi-dr-eks-worker"].aws_launch_template.this[0][0m will be created
[0m  [32m+[0m[0m resource "aws_launch_template" "this" {
      [32m+[0m[0m arn                    = (known after apply)
      [32m+[0m[0m default_version        = (known after apply)
      [32m+[0m[0m description            = "Custom launch template for samsi-dr-eks-worker EKS managed node group"
      [32m+[0m[0m id                     = (known after apply)
      [32m+[0m[0m latest_version         = (known after apply)
      [32m+[0m[0m name                   = (known after apply)
      [32m+[0m[0m name_prefix            = "samsi-dr-eks-worker-"
      [32m+[0m[0m tags                   = {
          [32m+[0m[0m "Env"          = "dr"
          [32m+[0m[0m "Monitoring"   = "true"
          [32m+[0m[0m "NodeExporter" = "true"
          [32m+[0m[0m "Role"         = "worker-node"
        }
      [32m+[0m[0m tags_all               = {
          [32m+[0m[0m "Env"          = "dr"
          [32m+[0m[0m "Monitoring"   = "true"
          [32m+[0m[0m "NodeExporter" = "true"
          [32m+[0m[0m "Role"         = "worker-node"
        }
      [32m+[0m[0m update_default_version = true
      [32m+[0m[0m vpc_security_group_ids = (known after apply)
        [90m# (2 unchanged attributes hidden)[0m[0m

      [32m+[0m[0m metadata_options {
          [32m+[0m[0m http_endpoint               = "enabled"
          [32m+[0m[0m http_protocol_ipv6          = (known after apply)
          [32m+[0m[0m http_put_response_hop_limit = 2
          [32m+[0m[0m http_tokens                 = "required"
          [32m+[0m[0m instance_metadata_tags      = (known after apply)
        }

      [32m+[0m[0m monitoring {
          [32m+[0m[0m enabled = true
        }

      [32m+[0m[0m tag_specifications {
          [32m+[0m[0m resource_type = "instance"
          [32m+[0m[0m tags          = {
              [32m+[0m[0m "Env"          = "dr"
              [32m+[0m[0m "Monitoring"   = "true"
              [32m+[0m[0m "Name"         = "samsi-dr-eks-worker"
              [32m+[0m[0m "NodeExporter" = "true"
              [32m+[0m[0m "Role"         = "worker-node"
            }
        }
      [32m+[0m[0m tag_specifications {
          [32m+[0m[0m resource_type = "network-interface"
          [32m+[0m[0m tags          = {
              [32m+[0m[0m "Env"          = "dr"
              [32m+[0m[0m "Monitoring"   = "true"
              [32m+[0m[0m "Name"         = "samsi-dr-eks-worker"
              [32m+[0m[0m "NodeExporter" = "true"
              [32m+[0m[0m "Role"         = "worker-node"
            }
        }
      [32m+[0m[0m tag_specifications {
          [32m+[0m[0m resource_type = "volume"
          [32m+[0m[0m tags          = {
              [32m+[0m[0m "Env"          = "dr"
              [32m+[0m[0m "Monitoring"   = "true"
              [32m+[0m[0m "Name"         = "samsi-dr-eks-worker"
              [32m+[0m[0m "NodeExporter" = "true"
              [32m+[0m[0m "Role"         = "worker-node"
            }
        }
    }

[1m  # module.eks.module.eks.module.kms.data.aws_iam_policy_document.this[0][0m will be read during apply
  # (config refers to values not yet known)
[0m [36m<=[0m[0m data "aws_iam_policy_document" "this" {
      [32m+[0m[0m id                        = (known after apply)
      [32m+[0m[0m json                      = (known after apply)
      [32m+[0m[0m minified_json             = (known after apply)
      [32m+[0m[0m override_policy_documents = []
      [32m+[0m[0m source_policy_documents   = []

      [32m+[0m[0m statement {
          [32m+[0m[0m actions   = [
              [32m+[0m[0m "kms:*",
            ]
          [32m+[0m[0m resources = [
              [32m+[0m[0m "*",
            ]
          [32m+[0m[0m sid       = "Default"

          [32m+[0m[0m principals {
              [32m+[0m[0m identifiers = [
                  [32m+[0m[0m "arn:aws:iam::899957568205:root",
                ]
              [32m+[0m[0m type        = "AWS"
            }
        }
      [32m+[0m[0m statement {
          [32m+[0m[0m actions   = [
              [32m+[0m[0m "kms:CancelKeyDeletion",
              [32m+[0m[0m "kms:Create*",
              [32m+[0m[0m "kms:Delete*",
              [32m+[0m[0m "kms:Describe*",
              [32m+[0m[0m "kms:Disable*",
              [32m+[0m[0m "kms:Enable*",
              [32m+[0m[0m "kms:Get*",
              [32m+[0m[0m "kms:ImportKeyMaterial",
              [32m+[0m[0m "kms:List*",
              [32m+[0m[0m "kms:Put*",
              [32m+[0m[0m "kms:ReplicateKey",
              [32m+[0m[0m "kms:Revoke*",
              [32m+[0m[0m "kms:ScheduleKeyDeletion",
              [32m+[0m[0m "kms:TagResource",
              [32m+[0m[0m "kms:UntagResource",
              [32m+[0m[0m "kms:Update*",
            ]
          [32m+[0m[0m resources = [
              [32m+[0m[0m "*",
            ]
          [32m+[0m[0m sid       = "KeyAdministration"

          [32m+[0m[0m principals {
              [32m+[0m[0m identifiers = [
                  [32m+[0m[0m "arn:aws:iam::899957568205:user/admin",
                ]
              [32m+[0m[0m type        = "AWS"
            }
        }
      [32m+[0m[0m statement {
          [32m+[0m[0m actions   = [
              [32m+[0m[0m "kms:Decrypt",
              [32m+[0m[0m "kms:DescribeKey",
              [32m+[0m[0m "kms:Encrypt",
              [32m+[0m[0m "kms:GenerateDataKey*",
              [32m+[0m[0m "kms:ReEncrypt*",
            ]
          [32m+[0m[0m resources = [
              [32m+[0m[0m "*",
            ]
          [32m+[0m[0m sid       = "KeyUsage"

          [32m+[0m[0m principals {
              [32m+[0m[0m identifiers = [
                  [32m+[0m[0m (known after apply),
                ]
              [32m+[0m[0m type        = "AWS"
            }
        }
    }

[1m  # module.eks.module.eks.module.kms.aws_kms_alias.this["cluster"][0m will be created
[0m  [32m+[0m[0m resource "aws_kms_alias" "this" {
      [32m+[0m[0m arn            = (known after apply)
      [32m+[0m[0m id             = (known after apply)
      [32m+[0m[0m name           = "alias/eks/hello-eks"
      [32m+[0m[0m name_prefix    = (known after apply)
      [32m+[0m[0m target_key_arn = (known after apply)
      [32m+[0m[0m target_key_id  = (known after apply)
    }

[1m  # module.eks.module.eks.module.kms.aws_kms_key.this[0][0m will be created
[0m  [32m+[0m[0m resource "aws_kms_key" "this" {
      [32m+[0m[0m arn                                = (known after apply)
      [32m+[0m[0m bypass_policy_lockout_safety_check = false
      [32m+[0m[0m customer_master_key_spec           = "SYMMETRIC_DEFAULT"
      [32m+[0m[0m description                        = "hello-eks cluster encryption key"
      [32m+[0m[0m enable_key_rotation                = true
      [32m+[0m[0m id                                 = (known after apply)
      [32m+[0m[0m is_enabled                         = true
      [32m+[0m[0m key_id                             = (known after apply)
      [32m+[0m[0m key_usage                          = "ENCRYPT_DECRYPT"
      [32m+[0m[0m multi_region                       = false
      [32m+[0m[0m policy                             = (known after apply)
      [32m+[0m[0m rotation_period_in_days            = (known after apply)
      [32m+[0m[0m tags                               = {
          [32m+[0m[0m "terraform-aws-modules" = "eks"
        }
      [32m+[0m[0m tags_all                           = {
          [32m+[0m[0m "terraform-aws-modules" = "eks"
        }
    }

[1m  # module.eks.module.eks.module.eks_managed_node_group["samsi-dr-eks-worker"].module.user_data.null_resource.validate_cluster_service_cidr[0m will be created
[0m  [32m+[0m[0m resource "null_resource" "validate_cluster_service_cidr" {
      [32m+[0m[0m id = (known after apply)
    }

[1mPlan:[0m [0m40 to add, 0 to change, 0 to destroy.

Changes to Outputs:
  [32m+[0m[0m cluster_certificate_authority_data = (known after apply)
  [32m+[0m[0m cluster_endpoint                   = (known after apply)
  [32m+[0m[0m cluster_name                       = "hello-eks"
  [32m+[0m[0m oidc_provider_arn                  = (known after apply)
[0m[1mmodule.eks.module.eks.module.eks_managed_node_group["samsi-dr-eks-worker"].aws_iam_role.this[0]: Creating...[0m[0m
[0m[1mmodule.eks.module.eks.aws_iam_role.this[0]: Creating...[0m[0m
[0m[1mmodule.eks.module.eks.aws_cloudwatch_log_group.this[0]: Creating...[0m[0m
[0m[1mmodule.eks.module.eks.aws_security_group.cluster[0]: Creating...[0m[0m
[0m[1mmodule.eks.module.eks.aws_iam_policy.custom[0]: Creating...[0m[0m
[0m[1mmodule.eks.module.eks.aws_security_group.node[0]: Creating...[0m[0m
[0m[1mmodule.eks.module.eks.aws_cloudwatch_log_group.this[0]: Creation complete after 2s [id=/aws/eks/hello-eks/cluster][0m
[0m[1mmodule.eks.module.eks.aws_iam_policy.custom[0]: Creation complete after 10s [id=arn:aws:iam::899957568205:policy/hello-eks-cluster-20260727071707580200000004][0m
[0m[1mmodule.eks.module.eks.module.eks_managed_node_group["samsi-dr-eks-worker"].aws_iam_role.this[0]: Still creating... [00m10s elapsed][0m[0m
[0m[1mmodule.eks.module.eks.aws_iam_role.this[0]: Still creating... [00m10s elapsed][0m[0m
[0m[1mmodule.eks.module.eks.aws_security_group.node[0]: Still creating... [00m10s elapsed][0m[0m
[0m[1mmodule.eks.module.eks.aws_security_group.cluster[0]: Still creating... [00m10s elapsed][0m[0m
[0m[1mmodule.eks.module.eks.module.eks_managed_node_group["samsi-dr-eks-worker"].aws_iam_role.this[0]: Creation complete after 11s [id=samsi-dr-eks-worker-eks-node-group-20260727071707456700000002][0m
[0m[1mmodule.eks.module.eks.aws_iam_role.this[0]: Creation complete after 11s [id=hello-eks-cluster-20260727071707435800000001][0m
[0m[1mmodule.eks.module.eks.aws_iam_role_policy_attachment.this["AmazonEKSVPCResourceController"]: Creating...[0m[0m
[0m[1mmodule.eks.module.eks.module.eks_managed_node_group["samsi-dr-eks-worker"].aws_iam_role_policy_attachment.this["AmazonEKSWorkerNodePolicy"]: Creating...[0m[0m
[0m[1mmodule.eks.module.eks.module.eks_managed_node_group["samsi-dr-eks-worker"].aws_iam_role_policy_attachment.this["AmazonEC2ContainerRegistryReadOnly"]: Creating...[0m[0m
[0m[1mmodule.eks.module.eks.module.eks_managed_node_group["samsi-dr-eks-worker"].aws_iam_role_policy_attachment.this["AmazonEKS_CNI_Policy"]: Creating...[0m[0m
[0m[1mmodule.eks.module.eks.aws_iam_role_policy_attachment.this["AmazonEKSClusterPolicy"]: Creating...[0m[0m
[0m[1mmodule.eks.module.eks.aws_iam_role_policy_attachment.custom[0]: Creating...[0m[0m
[0m[1mmodule.eks.module.eks.aws_iam_role_policy_attachment.custom[0]: Still creating... [00m10s elapsed][0m[0m
[0m[1mmodule.eks.module.eks.module.eks_managed_node_group["samsi-dr-eks-worker"].aws_iam_role_policy_attachment.this["AmazonEKSWorkerNodePolicy"]: Still creating... [00m10s elapsed][0m[0m
[0m[1mmodule.eks.module.eks.aws_security_group.cluster[0]: Still creating... [00m23s elapsed][0m[0m
[0m[1mmodule.eks.module.eks.module.eks_managed_node_group["samsi-dr-eks-worker"].aws_iam_role_policy_attachment.this["AmazonEC2ContainerRegistryReadOnly"]: Still creating... [00m10s elapsed][0m[0m
[0m[1mmodule.eks.module.eks.aws_security_group.node[0]: Still creating... [00m24s elapsed][0m[0m
[0m[1mmodule.eks.module.eks.module.eks_managed_node_group["samsi-dr-eks-worker"].aws_iam_role_policy_attachment.this["AmazonEKS_CNI_Policy"]: Still creating... [00m10s elapsed][0m[0m
[0m[1mmodule.eks.module.eks.aws_iam_role_policy_attachment.this["AmazonEKSClusterPolicy"]: Still creating... [00m10s elapsed][0m[0m
[0m[1mmodule.eks.module.eks.aws_iam_role_policy_attachment.this["AmazonEKSVPCResourceController"]: Still creating... [00m10s elapsed][0m[0m
[0m[1mmodule.eks.module.eks.module.kms.data.aws_iam_policy_document.this[0]: Reading...[0m[0m
[0m[1mmodule.eks.module.eks.module.kms.data.aws_iam_policy_document.this[0]: Read complete after 0s [id=2439764883][0m
[0m[1mmodule.eks.module.eks.module.kms.aws_kms_key.this[0]: Creating...[0m[0m
[0m[1mmodule.eks.module.eks.module.eks_managed_node_group["samsi-dr-eks-worker"].aws_iam_role_policy_attachment.this["AmazonEC2ContainerRegistryReadOnly"]: Creation complete after 17s [id=samsi-dr-eks-worker-eks-node-group-20260727071707456700000002-20260727071735703000000008][0m
[0m[1mmodule.eks.module.eks.aws_iam_role_policy_attachment.this["AmazonEKSClusterPolicy"]: Creation complete after 18s [id=hello-eks-cluster-20260727071707435800000001-20260727071735686500000007][0m
[0m[1mmodule.eks.module.eks.module.eks_managed_node_group["samsi-dr-eks-worker"].aws_iam_role_policy_attachment.this["AmazonEKSWorkerNodePolicy"]: Creation complete after 18s [id=samsi-dr-eks-worker-eks-node-group-20260727071707456700000002-20260727071735673600000006][0m
[0m[1mmodule.eks.module.eks.aws_iam_role_policy_attachment.custom[0]: Creation complete after 19s [id=hello-eks-cluster-20260727071707435800000001-20260727071736510900000009][0m
[0m[1mmodule.eks.module.eks.module.eks_managed_node_group["samsi-dr-eks-worker"].aws_iam_role_policy_attachment.this["AmazonEKS_CNI_Policy"]: Creation complete after 19s [id=samsi-dr-eks-worker-eks-node-group-20260727071707456700000002-2026072707173664370000000b][0m
[0m[1mmodule.eks.module.eks.aws_iam_role_policy_attachment.this["AmazonEKSVPCResourceController"]: Creation complete after 19s [id=hello-eks-cluster-20260727071707435800000001-2026072707173651000000000a][0m
[0m[1mmodule.eks.module.eks.aws_security_group.node[0]: Creation complete after 33s [id=sg-03dde1bb356a0d02b][0m
[0m[1mmodule.eks.module.eks.aws_security_group.cluster[0]: Creation complete after 33s [id=sg-0efc1b01dbfd176f0][0m
[0m[1mmodule.eks.module.eks.aws_security_group_rule.cluster["ingress_nodes_443"]: Creating...[0m[0m
[0m[1mmodule.eks.module.eks.aws_security_group_rule.node["ingress_cluster_kubelet"]: Creating...[0m[0m
[0m[1mmodule.eks.module.eks.aws_security_group_rule.node["ingress_cluster_443"]: Creating...[0m[0m
[0m[1mmodule.eks.module.eks.aws_security_group_rule.node["ingress_cluster_6443_webhook"]: Creating...[0m[0m
[0m[1mmodule.eks.module.eks.aws_security_group_rule.node["ingress_nodes_ephemeral"]: Creating...[0m[0m
[0m[1mmodule.eks.module.eks.aws_security_group_rule.node["ingress_self_coredns_udp"]: Creating...[0m[0m
[0m[1mmodule.eks.module.eks.aws_security_group_rule.node["ingress_vpc"]: Creating...[0m[0m
[0m[1mmodule.eks.module.eks.aws_security_group_rule.node["ingress_node_exporter"]: Creating...[0m[0m
[0m[1mmodule.eks.module.eks.aws_security_group_rule.node["egress_all"]: Creating...[0m[0m
[0m[1mmodule.eks.module.eks.module.kms.aws_kms_key.this[0]: Still creating... [00m10s elapsed][0m[0m
[0m[1mmodule.eks.module.eks.aws_security_group_rule.node["ingress_cluster_443"]: Still creating... [00m10s elapsed][0m[0m
[0m[1mmodule.eks.module.eks.aws_security_group_rule.node["ingress_node_exporter"]: Still creating... [00m10s elapsed][0m[0m
[0m[1mmodule.eks.module.eks.aws_security_group_rule.node["ingress_cluster_kubelet"]: Still creating... [00m10s elapsed][0m[0m
[0m[1mmodule.eks.module.eks.aws_security_group_rule.node["egress_all"]: Still creating... [00m10s elapsed][0m[0m
[0m[1mmodule.eks.module.eks.aws_security_group_rule.node["ingress_vpc"]: Still creating... [00m10s elapsed][0m[0m
[0m[1mmodule.eks.module.eks.aws_security_group_rule.cluster["ingress_nodes_443"]: Still creating... [00m10s elapsed][0m[0m
[0m[1mmodule.eks.module.eks.aws_security_group_rule.node["ingress_cluster_6443_webhook"]: Still creating... [00m10s elapsed][0m[0m
[0m[1mmodule.eks.module.eks.aws_security_group_rule.node["ingress_self_coredns_udp"]: Still creating... [00m10s elapsed][0m[0m
[0m[1mmodule.eks.module.eks.aws_security_group_rule.node["ingress_nodes_ephemeral"]: Still creating... [00m10s elapsed][0m[0m
[0m[1mmodule.eks.module.eks.module.kms.aws_kms_key.this[0]: Still creating... [00m20s elapsed][0m[0m
[0m[1mmodule.eks.module.eks.aws_security_group_rule.node["ingress_vpc"]: Still creating... [00m21s elapsed][0m[0m
[0m[1mmodule.eks.module.eks.aws_security_group_rule.cluster["ingress_nodes_443"]: Still creating... [00m21s elapsed][0m[0m
[0m[1mmodule.eks.module.eks.aws_security_group_rule.node["ingress_cluster_6443_webhook"]: Still creating... [00m21s elapsed][0m[0m
[0m[1mmodule.eks.module.eks.aws_security_group_rule.node["ingress_node_exporter"]: Still creating... [00m20s elapsed][0m[0m
[0m[1mmodule.eks.module.eks.aws_security_group_rule.node["ingress_cluster_443"]: Still creating... [00m21s elapsed][0m[0m
[0m[1mmodule.eks.module.eks.aws_security_group_rule.node["ingress_nodes_ephemeral"]: Still creating... [00m20s elapsed][0m[0m
[0m[1mmodule.eks.module.eks.aws_security_group_rule.node["ingress_self_coredns_udp"]: Still creating... [00m21s elapsed][0m[0m
[0m[1mmodule.eks.module.eks.aws_security_group_rule.node["ingress_cluster_kubelet"]: Still creating... [00m20s elapsed][0m[0m
[0m[1mmodule.eks.module.eks.aws_security_group_rule.node["egress_all"]: Still creating... [00m20s elapsed][0m[0m
[0m[1mmodule.eks.module.eks.module.kms.aws_kms_key.this[0]: Still creating... [00m31s elapsed][0m[0m
[0m[1mmodule.eks.module.eks.aws_security_group_rule.node["ingress_cluster_443"]: Still creating... [01m21s elapsed][0m[0m
[0m[1mmodule.eks.module.eks.module.kms.aws_kms_key.this[0]: Still creating... [01m27s elapsed][0m[0m
[0m[1mmodule.eks.module.eks.aws_security_group_rule.node["ingress_vpc"]: Still creating... [01m21s elapsed][0m[0m
[0m[1mmodule.eks.module.eks.aws_security_group_rule.node["ingress_nodes_ephemeral"]: Still creating... [01m21s elapsed][0m[0m
[0m[1mmodule.eks.module.eks.aws_security_group_rule.node["ingress_self_coredns_udp"]: Still creating... [01m21s elapsed][0m[0m
[0m[1mmodule.eks.module.eks.aws_security_group_rule.node["ingress_cluster_kubelet"]: Still creating... [01m21s elapsed][0m[0m
[0m[1mmodule.eks.module.eks.aws_security_group_rule.node["egress_all"]: Still creating... [01m21s elapsed][0m[0m
[0m[1mmodule.eks.module.eks.aws_security_group_rule.node["ingress_node_exporter"]: Still creating... [01m21s elapsed][0m[0m
[0m[1mmodule.eks.module.eks.aws_security_group_rule.cluster["ingress_nodes_443"]: Still creating... [01m21s elapsed][0m[0m
[0m[1mmodule.eks.module.eks.aws_security_group_rule.node["ingress_cluster_6443_webhook"]: Still creating... [01m21s elapsed][0m[0m
[0m[1mmodule.eks.module.eks.aws_security_group_rule.cluster["ingress_nodes_443"]: Creation complete after 1m24s [id=sgrule-1369355406][0m
[0m[1mmodule.eks.module.eks.aws_security_group_rule.node["ingress_cluster_443"]: Creation complete after 1m24s [id=sgrule-3670844895][0m
[0m[1mmodule.eks.module.eks.aws_security_group_rule.node["ingress_cluster_8443_webhook"]: Creating...[0m[0m
[0m[1mmodule.eks.module.eks.aws_security_group_rule.node["ingress_self_coredns_tcp"]: Creating...[0m[0m
[0m[1mmodule.eks.module.eks.aws_security_group_rule.node["ingress_vpc"]: Creation complete after 1m30s [id=sgrule-1676262443][0m
[0m[1mmodule.eks.module.eks.aws_security_group_rule.node["ingress_self_coredns_udp"]: Still creating... [01m31s elapsed][0m[0m
[0m[1mmodule.eks.module.eks.aws_security_group_rule.node["ingress_nodes_ephemeral"]: Still creating... [01m31s elapsed][0m[0m
[0m[1mmodule.eks.module.eks.aws_security_group_rule.node["ingress_cluster_kubelet"]: Still creating... [01m31s elapsed][0m[0m
[0m[1mmodule.eks.module.eks.aws_security_group_rule.node["egress_all"]: Still creating... [01m31s elapsed][0m[0m
[0m[1mmodule.eks.module.eks.module.kms.aws_kms_key.this[0]: Still creating... [01m38s elapsed][0m[0m
[0m[1mmodule.eks.module.eks.aws_security_group_rule.node["ingress_cluster_4443_webhook"]: Creating...[0m[0m
[0m[1mmodule.eks.module.eks.aws_security_group_rule.node["ingress_cluster_6443_webhook"]: Still creating... [01m32s elapsed][0m[0m
[0m[1mmodule.eks.module.eks.aws_security_group_rule.node["ingress_node_exporter"]: Still creating... [01m32s elapsed][0m[0m
[0m[1mmodule.eks.module.eks.aws_security_group_rule.node["ingress_self_coredns_tcp"]: Still creating... [00m10s elapsed][0m[0m
[0m[1mmodule.eks.module.eks.aws_security_group_rule.node["ingress_cluster_8443_webhook"]: Still creating... [00m10s elapsed][0m[0m
[0m[1mmodule.eks.module.eks.aws_security_group_rule.node["egress_all"]: Creation complete after 1m38s [id=sgrule-1061706976][0m
[0m[1mmodule.eks.module.eks.aws_security_group_rule.node["ingress_cluster_9443_webhook"]: Creating...[0m[0m
[0m[1mmodule.eks.module.eks.aws_security_group_rule.node["ingress_nodes_ephemeral"]: Still creating... [01m42s elapsed][0m[0m
[0m[1mmodule.eks.module.eks.aws_security_group_rule.node["ingress_self_coredns_udp"]: Still creating... [01m41s elapsed][0m[0m
[0m[1mmodule.eks.module.eks.aws_security_group_rule.node["ingress_cluster_kubelet"]: Still creating... [01m41s elapsed][0m[0m
[0m[1mmodule.eks.module.eks.module.kms.aws_kms_key.this[0]: Still creating... [01m48s elapsed][0m[0m
[0m[1mmodule.eks.module.eks.aws_security_group_rule.node["ingress_node_exporter"]: Still creating... [01m42s elapsed][0m[0m
[0m[1mmodule.eks.module.eks.aws_security_group_rule.node["ingress_cluster_4443_webhook"]: Still creating... [00m10s elapsed][0m[0m
[0m[1mmodule.eks.module.eks.aws_security_group_rule.node["ingress_cluster_6443_webhook"]: Still creating... [01m42s elapsed][0m[0m
[0m[1mmodule.eks.module.eks.aws_security_group_rule.node["ingress_self_coredns_udp"]: Creation complete after 1m45s [id=sgrule-2025775164][0m
[0m[1mmodule.eks.module.eks.aws_security_group_rule.node["ingress_cluster_8443_webhook"]: Still creating... [00m20s elapsed][0m[0m
[0m[1mmodule.eks.module.eks.aws_security_group_rule.node["ingress_self_coredns_tcp"]: Still creating... [00m20s elapsed][0m[0m
[0m[1mmodule.eks.module.eks.aws_security_group_rule.node["ingress_cluster_6443_webhook"]: Creation complete after 1m47s [id=sgrule-1893004326][0m
[0m[1mmodule.eks.module.eks.aws_security_group_rule.node["ingress_nodes_ephemeral"]: Creation complete after 1m49s [id=sgrule-1971806074][0m
[0m[1mmodule.eks.module.eks.aws_security_group_rule.node["ingress_cluster_9443_webhook"]: Still creating... [00m10s elapsed][0m[0m
[0m[1mmodule.eks.module.eks.aws_security_group_rule.node["ingress_node_exporter"]: Creation complete after 1m51s [id=sgrule-1798914166][0m
[0m[1mmodule.eks.module.eks.aws_security_group_rule.node["ingress_cluster_kubelet"]: Still creating... [01m52s elapsed][0m[0m
[0m[1mmodule.eks.module.eks.module.kms.aws_kms_key.this[0]: Still creating... [01m58s elapsed][0m[0m
[0m[1mmodule.eks.module.eks.aws_security_group_rule.node["ingress_cluster_4443_webhook"]: Still creating... [00m20s elapsed][0m[0m
[0m[1mmodule.eks.module.eks.aws_security_group_rule.node["ingress_self_coredns_tcp"]: Still creating... [00m30s elapsed][0m[0m
[0m[1mmodule.eks.module.eks.aws_security_group_rule.node["ingress_cluster_8443_webhook"]: Still creating... [00m30s elapsed][0m[0m
[0m[1mmodule.eks.module.eks.aws_security_group_rule.node["ingress_cluster_9443_webhook"]: Still creating... [00m20s elapsed][0m[0m
[0m[1mmodule.eks.module.eks.aws_security_group_rule.node["ingress_cluster_kubelet"]: Still creating... [02m02s elapsed][0m[0m
[0m[1mmodule.eks.module.eks.module.kms.aws_kms_key.this[0]: Still creating... [02m08s elapsed][0m[0m
[0m[1mmodule.eks.module.eks.aws_security_group_rule.node["ingress_cluster_4443_webhook"]: Still creating... [00m30s elapsed][0m[0m
[0m[1mmodule.eks.module.eks.aws_security_group_rule.node["ingress_cluster_kubelet"]: Creation complete after 2m3s [id=sgrule-791659925][0m
